###############################################################################
#
# IAR ELF Linker V8.20.1.14183/W32 for ARM                26/Aug/2020  10:52:25
# Copyright 2007-2017 IAR Systems AB.
#
#    Output file  =  D:\New folder (2)\EWARM\Debug\Exe\STM32F1_W5500_MQTT.out
#    Map file     =  D:\New folder (2)\EWARM\Debug\List\STM32F1_W5500_MQTT.map
#    Command line =  
#        -f C:\Users\hongt\AppData\Local\Temp\EWF91D.tmp ("D:\New folder
#        (2)\EWARM\Debug\Obj\core_cm3.o" "D:\New folder
#        (2)\EWARM\Debug\Obj\main.o" "D:\New folder (2)\EWARM\Debug\Obj\misc.o"
#        "D:\New folder (2)\EWARM\Debug\Obj\startup_stm32f10x_cl.o" "D:\New
#        folder (2)\EWARM\Debug\Obj\stm32f10x_adc.o" "D:\New folder
#        (2)\EWARM\Debug\Obj\stm32f10x_bkp.o" "D:\New folder
#        (2)\EWARM\Debug\Obj\stm32f10x_can.o" "D:\New folder
#        (2)\EWARM\Debug\Obj\stm32f10x_cec.o" "D:\New folder
#        (2)\EWARM\Debug\Obj\stm32f10x_crc.o" "D:\New folder
#        (2)\EWARM\Debug\Obj\stm32f10x_dac.o" "D:\New folder
#        (2)\EWARM\Debug\Obj\stm32f10x_dbgmcu.o" "D:\New folder
#        (2)\EWARM\Debug\Obj\stm32f10x_dma.o" "D:\New folder
#        (2)\EWARM\Debug\Obj\stm32f10x_exti.o" "D:\New folder
#        (2)\EWARM\Debug\Obj\stm32f10x_flash.o" "D:\New folder
#        (2)\EWARM\Debug\Obj\stm32f10x_fsmc.o" "D:\New folder
#        (2)\EWARM\Debug\Obj\stm32f10x_gpio.o" "D:\New folder
#        (2)\EWARM\Debug\Obj\stm32f10x_i2c.o" "D:\New folder
#        (2)\EWARM\Debug\Obj\stm32f10x_iwdg.o" "D:\New folder
#        (2)\EWARM\Debug\Obj\stm32f10x_pwr.o" "D:\New folder
#        (2)\EWARM\Debug\Obj\stm32f10x_rcc.o" "D:\New folder
#        (2)\EWARM\Debug\Obj\stm32f10x_rtc.o" "D:\New folder
#        (2)\EWARM\Debug\Obj\stm32f10x_sdio.o" "D:\New folder
#        (2)\EWARM\Debug\Obj\stm32f10x_spi.o" "D:\New folder
#        (2)\EWARM\Debug\Obj\stm32f10x_tim.o" "D:\New folder
#        (2)\EWARM\Debug\Obj\stm32f10x_usart.o" "D:\New folder
#        (2)\EWARM\Debug\Obj\stm32f10x_wwdg.o" "D:\New folder
#        (2)\EWARM\Debug\Obj\system_stm32f10x.o" -o "D:\New folder
#        (2)\EWARM\Debug\Exe\STM32F1_W5500_MQTT.out" --redirect
#        _Printf=_PrintfFullNoMb --redirect _Scanf=_ScanfFullNoMb --map "D:\New
#        folder (2)\EWARM\Debug\List\STM32F1_W5500_MQTT.map" --config "D:\New
#        folder (2)\EWARM/settings/stm32f10x_flash.icf" --semihosting --entry
#        __iar_program_start --vfe --text_out locale)
#
###############################################################################

*******************************************************************************
*** RUNTIME MODEL ATTRIBUTES
***

CppFlavor       = *
__SystemLibrary = DLib
__dlib_version  = 6


*******************************************************************************
*** HEAP SELECTION
***

The basic heap was selected because no calls to memory allocation
functions were found in the application outside of system library
functions, and there are calls to deallocation functions in the
application.


*******************************************************************************
*** PLACEMENT SUMMARY
***

"A0":  place at 0x08000000 { ro section .intvec };
"P1":  place in [from 0x08000000 to 0x080fffff] { ro };
define block CSTACK with size = 1K, alignment = 8 { };
define block HEAP with size = 512, alignment = 8 { };
"P2":  place in [from 0x20000000 to 0x20017fff] {
          rw, block CSTACK, block HEAP };

No sections matched the following patterns:

  rw  in "P2"


  Section   Kind        Address   Size  Object
  -------   ----        -------   ----  ------
"A0":                            0x150
  .intvec   ro code  0x08000000  0x150  startup_stm32f10x_cl.o [1]
                   - 0x08000150  0x150

"P1":                            0x2d8
  .text     ro code  0x08000150  0x158  system_stm32f10x.o [1]
  .text     ro code  0x080002a8   0x1e  cmain.o [4]
  .text     ro code  0x080002c6    0x4  low_level_init.o [3]
  .text     ro code  0x080002ca    0x4  main.o [1]
  .text     ro code  0x080002ce    0x4  exit.o [3]
  .text     ro code  0x080002d4    0xa  cexit.o [4]
  .text     ro code  0x080002e0   0x14  exit.o [5]
  .text     ro code  0x080002f4   0x10  startup_stm32f10x_cl.o [1]
  .text     ro code  0x08000304    0xc  cstartup_M.o [4]
  .text     ro code  0x08000310    0x4  startup_stm32f10x_cl.o [1]
  .text     ro code  0x08000314    0x4  startup_stm32f10x_cl.o [1]
  .text     ro code  0x08000318    0x4  startup_stm32f10x_cl.o [1]
  .text     ro code  0x0800031c    0x4  startup_stm32f10x_cl.o [1]
  .text     ro code  0x08000320    0x4  startup_stm32f10x_cl.o [1]
  .text     ro code  0x08000324    0x4  startup_stm32f10x_cl.o [1]
  .text     ro code  0x08000328    0x4  startup_stm32f10x_cl.o [1]
  .text     ro code  0x0800032c    0x4  startup_stm32f10x_cl.o [1]
  .text     ro code  0x08000330    0x4  startup_stm32f10x_cl.o [1]
  .text     ro code  0x08000334    0x4  startup_stm32f10x_cl.o [1]
  .text     ro code  0x08000338    0x4  startup_stm32f10x_cl.o [1]
  .text     ro code  0x0800033c    0x4  startup_stm32f10x_cl.o [1]
  .text     ro code  0x08000340    0x4  startup_stm32f10x_cl.o [1]
  .text     ro code  0x08000344    0x4  startup_stm32f10x_cl.o [1]
  .text     ro code  0x08000348    0x4  startup_stm32f10x_cl.o [1]
  .text     ro code  0x0800034c    0x4  startup_stm32f10x_cl.o [1]
  .text     ro code  0x08000350    0x4  startup_stm32f10x_cl.o [1]
  .text     ro code  0x08000354    0x4  startup_stm32f10x_cl.o [1]
  .text     ro code  0x08000358    0x4  startup_stm32f10x_cl.o [1]
  .text     ro code  0x0800035c    0x4  startup_stm32f10x_cl.o [1]
  .text     ro code  0x08000360    0x4  startup_stm32f10x_cl.o [1]
  .text     ro code  0x08000364    0x4  startup_stm32f10x_cl.o [1]
  .text     ro code  0x08000368    0x4  startup_stm32f10x_cl.o [1]
  .text     ro code  0x0800036c    0x4  startup_stm32f10x_cl.o [1]
  .text     ro code  0x08000370    0x4  startup_stm32f10x_cl.o [1]
  .text     ro code  0x08000374    0x4  startup_stm32f10x_cl.o [1]
  .text     ro code  0x08000378    0x4  startup_stm32f10x_cl.o [1]
  .text     ro code  0x0800037c    0x4  startup_stm32f10x_cl.o [1]
  .text     ro code  0x08000380    0x4  startup_stm32f10x_cl.o [1]
  .text     ro code  0x08000384    0x4  startup_stm32f10x_cl.o [1]
  .text     ro code  0x08000388    0x4  startup_stm32f10x_cl.o [1]
  .text     ro code  0x0800038c    0x4  startup_stm32f10x_cl.o [1]
  .text     ro code  0x08000390    0x4  startup_stm32f10x_cl.o [1]
  .text     ro code  0x08000394    0x4  startup_stm32f10x_cl.o [1]
  .text     ro code  0x08000398    0x4  startup_stm32f10x_cl.o [1]
  .text     ro code  0x0800039c    0x4  startup_stm32f10x_cl.o [1]
  .text     ro code  0x080003a0    0x4  startup_stm32f10x_cl.o [1]
  .text     ro code  0x080003a4    0x4  startup_stm32f10x_cl.o [1]
  .text     ro code  0x080003a8    0x4  startup_stm32f10x_cl.o [1]
  .text     ro code  0x080003ac    0x4  startup_stm32f10x_cl.o [1]
  .text     ro code  0x080003b0    0x4  startup_stm32f10x_cl.o [1]
  .text     ro code  0x080003b4    0x4  startup_stm32f10x_cl.o [1]
  .text     ro code  0x080003b8    0x4  startup_stm32f10x_cl.o [1]
  .text     ro code  0x080003bc    0x4  startup_stm32f10x_cl.o [1]
  .text     ro code  0x080003c0    0x4  startup_stm32f10x_cl.o [1]
  .text     ro code  0x080003c4    0x4  startup_stm32f10x_cl.o [1]
  .text     ro code  0x080003c8    0x4  startup_stm32f10x_cl.o [1]
  .text     ro code  0x080003cc    0x4  startup_stm32f10x_cl.o [1]
  .text     ro code  0x080003d0    0x4  startup_stm32f10x_cl.o [1]
  .text     ro code  0x080003d4    0x4  startup_stm32f10x_cl.o [1]
  .text     ro code  0x080003d8    0x4  startup_stm32f10x_cl.o [1]
  .text     ro code  0x080003dc    0x4  startup_stm32f10x_cl.o [1]
  .text     ro code  0x080003e0    0x4  startup_stm32f10x_cl.o [1]
  .text     ro code  0x080003e4    0x4  startup_stm32f10x_cl.o [1]
  .text     ro code  0x080003e8    0x4  startup_stm32f10x_cl.o [1]
  .text     ro code  0x080003ec    0x4  startup_stm32f10x_cl.o [1]
  .text     ro code  0x080003f0    0x4  startup_stm32f10x_cl.o [1]
  .text     ro code  0x080003f4    0x4  startup_stm32f10x_cl.o [1]
  .text     ro code  0x080003f8    0x4  startup_stm32f10x_cl.o [1]
  .text     ro code  0x080003fc    0x4  startup_stm32f10x_cl.o [1]
  .text     ro code  0x08000400    0x4  startup_stm32f10x_cl.o [1]
  .text     ro code  0x08000404    0x4  startup_stm32f10x_cl.o [1]
  .text     ro code  0x08000408    0x4  startup_stm32f10x_cl.o [1]
  .text     ro code  0x0800040c    0x4  startup_stm32f10x_cl.o [1]
  .text     ro code  0x08000410    0x4  startup_stm32f10x_cl.o [1]
  .text     ro code  0x08000414    0x4  startup_stm32f10x_cl.o [1]
  .text     ro code  0x08000418    0x4  startup_stm32f10x_cl.o [1]
  .text     ro code  0x0800041c    0x4  startup_stm32f10x_cl.o [1]
  .text     ro code  0x08000420    0x4  startup_stm32f10x_cl.o [1]
  .text     ro code  0x08000424    0x4  startup_stm32f10x_cl.o [1]
                   - 0x08000428  0x2d8

"P2":                            0x400
  CSTACK             0x20000000  0x400  <Block>
    CSTACK  uninit   0x20000000  0x400  <Block tail>
                   - 0x20000400  0x400



*******************************************************************************
*** MODULE SUMMARY
***

    Module                  ro code  rw data
    ------                  -------  -------
D:\New folder (2)\EWARM\Debug\Obj: [1]
    main.o                        4
    startup_stm32f10x_cl.o      632
    system_stm32f10x.o          344
    ----------------------------------------
    Total:                      980

command line: [2]
    ----------------------------------------
    Total:

dl7M_tln.a: [3]
    exit.o                        4
    low_level_init.o              4
    ----------------------------------------
    Total:                        8

rt7M_tl.a: [4]
    cexit.o                      10
    cmain.o                      30
    cstartup_M.o                 12
    ----------------------------------------
    Total:                       52

shb_l.a: [5]
    exit.o                       20
    ----------------------------------------
    Total:                       20

    Gaps                          4
    Linker created                     1 024
--------------------------------------------
    Grand Total:              1 064    1 024


*******************************************************************************
*** ENTRY LIST
***

Entry                      Address  Size  Type      Object
-----                      -------  ----  ----      ------
?main                   0x080002a9        Code  Gb  cmain.o [4]
CSTACK$$Base            0x20000000         --   Gb  - Linker created -
CSTACK$$Limit           0x20000400         --   Gb  - Linker created -
Region$$Table$$Base     0x00000000         --   Gb  - Linker created -
Region$$Table$$Limit    0x00000000         --   Gb  - Linker created -
SetSysClock             0x080001a5   0x8  Code  Lc  system_stm32f10x.o [1]
SetSysClockTo72         0x080001ad  0xe0  Code  Lc  system_stm32f10x.o [1]
SystemInit              0x08000151  0x54  Code  Gb  system_stm32f10x.o [1]
__cmain                 0x080002a9        Code  Gb  cmain.o [4]
__exit                  0x080002e1  0x14  Code  Gb  exit.o [5]
__iar_program_start     0x08000305        Code  Gb  cstartup_M.o [4]
__iar_systems$$module {Abs}
                        0x00000001        Data  Gb  command line/config [2]
__low_level_init        0x080002c7   0x4  Code  Gb  low_level_init.o [3]
__vector_table          0x08000000        Data  Gb  startup_stm32f10x_cl.o [1]
_call_main              0x080002b5        Code  Gb  cmain.o [4]
_exit                   0x080002d5        Code  Gb  cexit.o [4]
_main                   0x080002c3        Code  Gb  cmain.o [4]
exit                    0x080002cf   0x4  Code  Gb  exit.o [3]
main                    0x080002cb   0x4  Code  Gb  main.o [1]


[1] = D:\New folder (2)\EWARM\Debug\Obj
[2] = command line
[3] = dl7M_tln.a
[4] = rt7M_tl.a
[5] = shb_l.a

  1 064 bytes of readonly  code memory
  1 024 bytes of readwrite data memory

Errors: none
Warnings: none
